npm warn Unknown project config "node-linker". This will stop working in the next major version of npm.
app/(auth)/verify.tsx(99,29): error TS2769: No overload matches this call.
  Overload 1 of 2, '(props: TextInputProps): TextInput', gave the following error.
    Type '(ref: TextInput | null) => TextInput | null' is not assignable to type 'Ref<TextInput> | undefined'.
      Type '(ref: TextInput | null) => TextInput | null' is not assignable to type '(instance: TextInput | null) => void | (() => VoidOrUndefinedOnly)'.
        Type 'TextInput | null' is not assignable to type 'void | (() => VoidOrUndefinedOnly)'.
          Type 'null' is not assignable to type 'void | (() => VoidOrUndefinedOnly)'.
  Overload 2 of 2, '(props: TextInputProps, context: any): TextInput', gave the following error.
    Type '(ref: TextInput | null) => TextInput | null' is not assignable to type 'Ref<TextInput> | undefined'.
      Type '(ref: TextInput | null) => TextInput | null' is not assignable to type '(instance: TextInput | null) => void | (() => VoidOrUndefinedOnly)'.
        Type 'TextInput | null' is not assignable to type 'void | (() => VoidOrUndefinedOnly)'.
          Type 'null' is not assignable to type 'void | (() => VoidOrUndefinedOnly)'.
app/(tabs)/index.tsx(327,23): error TS2820: Type '"pulse"' is not assignable to type 'SFSymbols7_0'. Did you mean '"pause"'?
app/(tabs)/index.tsx(460,10): error TS2304: Cannot find name 'ActivityIndicator'.
app/(tabs)/trade.tsx(272,57): error TS2769: No overload matches this call.
  Overload 1 of 2, '(input: { limit?: number | undefined; } | typeof skipToken, opts: DefinedUseTRPCQueryOptions<{ id: string; type: string; message: string; status: string; }[], { id: string; type: string; message: string; status: string; }[], TRPCClientErrorLike<...>, { ...; }[]>): DefinedUseTRPCQueryResult<...>', gave the following error.
    Argument of type 'undefined' is not assignable to parameter of type '{ limit?: number | undefined; } | unique symbol'.
  Overload 2 of 2, '(input: { limit?: number | undefined; } | typeof skipToken, opts?: UseTRPCQueryOptions<{ id: string; type: string; message: string; status: string; }[], { id: string; type: string; message: string; status: string; }[], TRPCClientErrorLike<...>, { ...; }[]> | undefined): UseTRPCQueryResult<...>', gave the following error.
    Argument of type 'undefined' is not assignable to parameter of type '{ limit?: number | undefined; } | unique symbol'.
app/(tabs)/trade.tsx(337,17): error TS2367: This comparison appears to be unintentional because the types 'TradingSignal' and 'string' have no overlap.
app/(tabs)/trade.tsx(337,37): error TS2367: This comparison appears to be unintentional because the types 'TradingSignal' and 'string' have no overlap.
app/(tabs)/trade.tsx(338,18): error TS2367: This comparison appears to be unintentional because the types 'TradingSignal' and 'string' have no overlap.
app/(tabs)/trade.tsx(338,39): error TS2367: This comparison appears to be unintentional because the types 'TradingSignal' and 'string' have no overlap.
app/(tabs)/trade.tsx(340,30): error TS2339: Property 'replace' does not exist on type 'TradingSignal'.
app/(tabs)/wallet.tsx(348,30): error TS2345: Argument of type 'number | "0"' is not assignable to parameter of type 'string'.
  Type 'number' is not assignable to type 'string'.
server/_core/oauth.ts(75,39): error TS2339: Property 'exchangeCodeForToken' does not exist on type 'SDKServer'.
server/_core/oauth.ts(76,34): error TS2339: Property 'getUserInfo' does not exist on type 'SDKServer'.
server/_core/oauth.ts(109,39): error TS2339: Property 'exchangeCodeForToken' does not exist on type 'SDKServer'.
server/_core/oauth.ts(110,34): error TS2339: Property 'getUserInfo' does not exist on type 'SDKServer'.
server/trading/engine.ts(126,9): error TS2322: Type 'number' is not assignable to type 'Timeout'.
tests/auth.logout.test.ts(17,5): error TS2322: Type 'number' is not assignable to type 'string'.
