npx : npm warn Unknown project config "node-linker". This will stop working in the next major version of npm.
At line:1 char:1
+ npx tsx test-framework.ts > test-results.txt 2>&1 ; cat test-results. ...
+ ~~~~~~~~~~~~~~~~~~~~~~~~~~~~~~~~~~~~~~~~~~~~~~~~~
    + CategoryInfo          : NotSpecified: (npm warn Unknow...version of npm.:String) [], RemoteException
    + FullyQualifiedErrorId : NativeCommandError
 

­ƒøí´©Å SENTINEL TESTING FRAMEWORK
ÔòÉÔòÉÔòÉÔòÉÔòÉÔòÉÔòÉÔòÉÔòÉÔòÉÔòÉÔòÉÔòÉÔòÉÔòÉÔòÉÔòÉÔòÉÔòÉÔòÉÔòÉÔòÉÔòÉÔòÉÔòÉÔòÉÔòÉÔòÉÔòÉÔòÉÔòÉÔòÉÔòÉÔòÉÔòÉÔòÉÔòÉÔòÉÔòÉÔòÉÔòÉÔòÉÔòÉÔòÉÔòÉÔòÉÔòÉÔòÉÔòÉÔòÉ
Project: Insydetradar
Timestamp: 2026-02-01T04:56:56.509Z
ÔòÉÔòÉÔòÉÔòÉÔòÉÔòÉÔòÉÔòÉÔòÉÔòÉÔòÉÔòÉÔòÉÔòÉÔòÉÔòÉÔòÉÔòÉÔòÉÔòÉÔòÉÔòÉÔòÉÔòÉÔòÉÔòÉÔòÉÔòÉÔòÉÔòÉÔòÉÔòÉÔòÉÔòÉÔòÉÔòÉÔòÉÔòÉÔòÉÔòÉÔòÉÔòÉÔòÉÔòÉÔòÉÔòÉÔòÉÔòÉÔòÉÔòÉ

­ƒôï Running System Tests...

ÔØî Environment Variables: Missing: SUPABASE_URL, SUPABASE_ANON_KEY
Ô£à Supabase Connection: Successfully connected to Supabase
[EmailSync] Synchronizing operative to Loops: test_sentinel@insydetradar.com 
[EmailSync] Loops sync failed: {
  success: false,
  message: 'Email or userId is already in your audience.'
}
Ô£à Loops Audience Sync: Contact successfully synced to Loops
[EmailSync] Welcome email failed: AxiosError: Request failed with status code 403
    at settle (C:\Users\jonny\Desktop\Jonny AI\Clients\New folder\Insydetradar\node_modules\axios\lib\core\settle.js:19:12)
    at BrotliDecompress.handleStreamEnd (C:\Users\jonny\Desktop\Jonny AI\Clients\New folder\Insydetradar\node_modules\axios\lib\adapters\http.js:798:11)
    at BrotliDecompress.emit (node:events:508:28)
    at endReadableNT (node:internal/streams/readable:1701:12)
    at process.processTicksAndRejections (node:internal/process/task_queues:89:21)
    at Axios.request (C:\Users\jonny\Desktop\Jonny AI\Clients\New folder\Insydetradar\node_modules\axios\lib\core\Axios.js:45:41)
    at process.processTicksAndRejections (node:internal/process/task_queues:103:5)
    at async Object.sendWelcome (C:\Users\jonny\Desktop\Jonny AI\Clients\New folder\Insydetradar\server\services\email-sync.ts:53:13)
    at async testResendEmail (C:\Users\jonny\Desktop\Jonny AI\Clients\New folder\Insydetradar\test-framework.ts:77:9)
    at async runAllTests (C:\Users\jonny\Desktop\Jonny AI\Clients\New folder\Insydetradar\test-framework.ts:169:5) {
  isAxiosError: true,
  code: 'ERR_BAD_REQUEST',
  config: {
    transitional: {
      silentJSONParsing: true,
      forcedJSONParsing: true,
      clarifyTimeoutError: false
    },
    adapter: [ 'xhr', 'http', 'fetch' ],
    transformRequest: [ [Function: transformRequest] ],
    transformResponse: [ [Function: transformResponse] ],
    timeout: 0,
    xsrfCookieName: 'XSRF-TOKEN',
    xsrfHeaderName: 'X-XSRF-TOKEN',
    maxContentLength: -1,
    maxBodyLength: -1,
    env: { FormData: [Function], Blob: [class Blob] },
    validateStatus: [Function: validateStatus],
    headers: Object [AxiosHeaders] {
      Accept: 'application/json, text/plain, */*',
      'Content-Type': 'application/json',
      Authorization: 'Bearer re_b2gEDa6F_8MpNdFdb2WvuDJY4Dn8PhPTd',
      'User-Agent': 'axios/1.13.4',
      'Content-Length': '247',
      'Accept-Encoding': 'gzip, compress, deflate, br'
    },
    method: 'post',
    url: 'https://api.resend.com/emails',
    data: '{"from":"Insydetradar <tactical@insydetradar.com>","to":["jonnyallum@gmail.com"],"subject":"PROTOCOL ESTABLISHED: Welcome to the Future of Trading","html":"< p > Welcome, 
Operative Jonny Allum. Your neural link to Insydetradar is now active.</p>"}',
    allowAbsoluteUrls: true
  },
  request: <ref *1> ClientRequest {
    _events: [Object: null prototype] {
      abort: [Function (anonymous)],
      aborted: [Function (anonymous)],
      connect: [Function (anonymous)],
      error: [Function (anonymous)],
      socket: [Function (anonymous)],
      timeout: [Function (anonymous)],
      finish: [Function: requestOnFinish]
    },
    _eventsCount: 7,
    _maxListeners: undefined,
    outputData: [],
    outputSize: 0,
    writable: true,
    destroyed: true,
    _last: false,
    chunkedEncoding: false,
    shouldKeepAlive: true,
    maxRequestsOnConnectionReached: false,
    _defaultKeepAlive: true,
    useChunkedEncodingByDefault: true,
    sendDate: false,
    _removedConnection: false,
    _removedContLen: false,
    _removedTE: false,
    strictContentLength: false,
    _contentLength: 247,
    _hasBody: true,
    _trailer: '',
    finished: true,
    _headerSent: true,
    _closed: true,
    _header: 'POST /emails HTTP/1.1\r\n' +
      'Accept: application/json, text/plain, */*\r\n' +
      'Content-Type: application/json\r\n' +
      'Authorization: Bearer re_b2gEDa6F_8MpNdFdb2WvuDJY4Dn8PhPTd\r\n' +
      'User-Agent: axios/1.13.4\r\n' +
      'Content-Length: 247\r\n' +
      'Accept-Encoding: gzip, compress, deflate, br\r\n' +
      'Host: api.resend.com\r\n' +
      'Connection: keep-alive\r\n' +
      '\r\n',
    _keepAliveTimeout: 0,
    _onPendingData: [Function: nop],
    agent: Agent {
      _events: [Object: null prototype],
      _eventsCount: 2,
      _maxListeners: undefined,
      options: [Object: null prototype],
      defaultPort: 443,
      protocol: 'https:',
      requests: [Object: null prototype] {},
      sockets: [Object: null prototype] {},
      freeSockets: [Object: null prototype],
      keepAliveMsecs: 1000,
      keepAlive: true,
      maxSockets: Infinity,
      maxFreeSockets: 256,
      scheduling: 'lifo',
      maxTotalSockets: Infinity,
      totalSocketCount: 2,
      agentKeepAliveTimeoutBuffer: 1000,
      maxCachedSessions: 100,
      _sessionCache: [Object],
      Symbol(shapeMode): false,
      Symbol(kCapture): false
    },
    socketPath: undefined,
    method: 'POST',
    maxHeaderSize: undefined,
    insecureHTTPParser: undefined,
    joinDuplicateHeaders: undefined,
    path: '/emails',
    _ended: true,
    res: IncomingMessage {
      _events: [Object],
      _readableState: [ReadableState],
      _maxListeners: undefined,
      socket: null,
      httpVersionMajor: 1,
      httpVersionMinor: 1,
      httpVersion: '1.1',
      complete: true,
      rawHeaders: [Array],
      rawTrailers: [],
      joinDuplicateHeaders: undefined,
      aborted: false,
      upgrade: false,
      url: '',
      method: null,
      statusCode: 403,
      statusMessage: 'Forbidden',
      client: [TLSSocket],
      _consuming: true,
      _dumped: false,
      req: [Circular *1],
      _eventsCount: 4,
      responseUrl: 'https://api.resend.com/emails',
      redirects: [],
      Symbol(shapeMode): true,
      Symbol(kCapture): false,
      Symbol(kHeaders): [Object],
      Symbol(kHeadersCount): 28,
      Symbol(kTrailers): null,
      Symbol(kTrailersCount): 0
    },
    aborted: false,
    timeoutCb: null,
    upgradeOrConnect: false,
    parser: null,
    maxHeadersCount: null,
    reusedSocket: false,
    host: 'api.resend.com',
    protocol: 'https:',
    _redirectable: Writable {
      _events: [Object],
      _writableState: [WritableState],
      _maxListeners: undefined,
      _options: [Object],
      _ended: true,
      _ending: true,
      _redirectCount: 0,
      _redirects: [],
      _requestBodyLength: 247,
      _requestBodyBuffers: [],
      _eventsCount: 3,
      _onNativeResponse: [Function (anonymous)],
      _currentRequest: [Circular *1],
      _currentUrl: 'https://api.resend.com/emails',
      _timeout: null,
      Symbol(shapeMode): true,
      Symbol(kCapture): false
    },
    Symbol(shapeMode): false,
    Symbol(kCapture): false,
    Symbol(kBytesWritten): 0,
    Symbol(kNeedDrain): false,
    Symbol(corked): 0,
    Symbol(kChunkedBuffer): [],
    Symbol(kChunkedLength): 0,
    Symbol(kSocket): TLSSocket {
      _tlsOptions: [Object],
      _secureEstablished: true,
      _securePending: false,
      _newSessionPending: false,
      _controlReleased: true,
      secureConnecting: false,
      _SNICallback: null,
      servername: 'api.resend.com',
      alpnProtocol: false,
      authorized: true,
      authorizationError: null,
      encrypted: true,
      _events: [Object: null prototype],
      _eventsCount: 9,
      connecting: false,
      _hadError: false,
      _parent: null,
      _host: 'api.resend.com',
      _closeAfterHandlingError: false,
      _readableState: [ReadableState],
      _writableState: [WritableState],
      allowHalfOpen: false,
      _maxListeners: undefined,
      _sockname: null,
      _pendingData: null,
      _pendingEncoding: '',
      server: undefined,
      _server: null,
      ssl: [TLSWrap],
      _requestCert: true,
      _rejectUnauthorized: true,
      timeout: 5000,
      parser: null,
      _httpMessage: null,
      autoSelectFamilyAttemptedAddresses: [Array],
      Symbol(alpncallback): null,
      Symbol(res): [TLSWrap],
      Symbol(verified): true,
      Symbol(pendingSession): null,
      Symbol(async_id_symbol): -1,
      Symbol(kHandle): [TLSWrap],
      Symbol(lastWriteQueueSize): 0,
      Symbol(timeout): Timeout {
        _idleTimeout: 5000,
        _idlePrev: [TimersList],
        _idleNext: [Timeout],
        _idleStart: 847,
        _onTimeout: [Function: bound ],
        _timerArgs: undefined,
        _repeat: null,
        _destroyed: false,
        Symbol(refed): false,
        Symbol(kHasPrimitive): false,
        Symbol(asyncId): 76,
        Symbol(triggerId): 74,
        Symbol(kAsyncContextFrame): undefined
      },
      Symbol(kBuffer): null,
      Symbol(kBufferCb): null,
      Symbol(kBufferGen): null,
      Symbol(shapeMode): true,
      Symbol(kCapture): false,
      Symbol(kSetNoDelay): false,
      Symbol(kSetKeepAlive): true,
      Symbol(kSetKeepAliveInitialDelay): 1,
      Symbol(kBytesRead): 0,
      Symbol(kBytesWritten): 0,
      Symbol(connect-options): [Object]
    },
    Symbol(kOutHeaders): [Object: null prototype] {
      accept: [Array],
      'content-type': [Array],
      authorization: [Array],
      'user-agent': [Array],
      'content-length': [Array],
      'accept-encoding': [Array],
      host: [Array]
    },
    Symbol(errored): null,
    Symbol(kHighWaterMark): 16384,
    Symbol(kRejectNonStandardBodyWrites): false,
    Symbol(kUniqueHeaders): null
  },
  response: {
    status: 403,
    statusText: 'Forbidden',
    headers: Object [AxiosHeaders] {
      date: 'Sun, 01 Feb 2026 04:56:57 GMT',
      'content-type': 'application/json',
      'transfer-encoding': 'chunked',
      connection: 'keep-alive',
      'ratelimit-limit': '2',
      'ratelimit-policy': '2;w=1',
      'ratelimit-remaining': '1',
      'ratelimit-reset': '1',
      'x-resend-daily-quota': '1',
      'x-resend-monthly-quota': '1',
      'cf-cache-status': 'DYNAMIC',
Ô£à Resend Welcome Email: Welcome email sent successfully
      server: 'cloudflare',
      'cf-ray': '9c6edd7f383f0339-LHR'
    },
    config: {
      transitional: [Object],
      adapter: [Array],
      transformRequest: [Array],
      transformResponse: [Array],
      timeout: 0,
      xsrfCookieName: 'XSRF-TOKEN',
      xsrfHeaderName: 'X-XSRF-TOKEN',
      maxContentLength: -1,
      maxBodyLength: -1,
      env: [Object],
      validateStatus: [Function: validateStatus],
      headers: [Object [AxiosHeaders]],
      method: 'post',
      url: 'https://api.resend.com/emails',
      data: '{"from":"Insydetradar <tactical@insydetradar.com>","to":["jonnyallum@gmail.com"],"subject":"PROTOCOL ESTABLISHED: Welcome to the Future of Trading","html":"< p > Welcome, 
Operative Jonny Allum. Your neural link to Insydetradar is now active.</p>"}',
      allowAbsoluteUrls: true
    },
    request: <ref *1> ClientRequest {
      _events: [Object: null prototype],
      _eventsCount: 7,
      _maxListeners: undefined,
      outputData: [],
      outputSize: 0,
      writable: true,
      destroyed: true,
      _last: false,
      chunkedEncoding: false,
      shouldKeepAlive: true,
      maxRequestsOnConnectionReached: false,
      _defaultKeepAlive: true,
      useChunkedEncodingByDefault: true,
      sendDate: false,
      _removedConnection: false,
      _removedContLen: false,
      _removedTE: false,
      strictContentLength: false,
      _contentLength: 247,
      _hasBody: true,
      _trailer: '',
      finished: true,
      _headerSent: true,
      _closed: true,
      _header: 'POST /emails HTTP/1.1\r\n' +
        'Accept: application/json, text/plain, */*\r\n' +
        'Content-Type: application/json\r\n' +
        'Authorization: Bearer re_b2gEDa6F_8MpNdFdb2WvuDJY4Dn8PhPTd\r\n' +
        'User-Agent: axios/1.13.4\r\n' +
        'Content-Length: 247\r\n' +
        'Accept-Encoding: gzip, compress, deflate, br\r\n' +
        'Host: api.resend.com\r\n' +
        'Connection: keep-alive\r\n' +
        '\r\n',
      _keepAliveTimeout: 0,
      _onPendingData: [Function: nop],
      agent: [Agent],
      socketPath: undefined,
      method: 'POST',
      maxHeaderSize: undefined,
      insecureHTTPParser: undefined,
      joinDuplicateHeaders: undefined,
      path: '/emails',
      _ended: true,
      res: [IncomingMessage],
      aborted: false,
      timeoutCb: null,
      upgradeOrConnect: false,
      parser: null,
      maxHeadersCount: null,
      reusedSocket: false,
      host: 'api.resend.com',
      protocol: 'https:',
      _redirectable: [Writable],
      Symbol(shapeMode): false,
      Symbol(kCapture): false,
      Symbol(kBytesWritten): 0,
      Symbol(kNeedDrain): false,
      Symbol(corked): 0,
      Symbol(kChunkedBuffer): [],
      Symbol(kChunkedLength): 0,
      Symbol(kSocket): [TLSSocket],
      Symbol(kOutHeaders): [Object: null prototype],
      Symbol(errored): null,
      Symbol(kHighWaterMark): 16384,
      Symbol(kRejectNonStandardBodyWrites): false,
      Symbol(kUniqueHeaders): null
    },
    data: {
      statusCode: 403,
      message: 'The insydetradar.com domain is not verified. Please, add and verify your domain on https://resend.com/domains',
      name: 'validation_error'
    }
  },
  status: 403
}
[NeuralCore] Gemini refinement failed: [GoogleGenerativeAI Error]: Error fetching from https://generativelanguage.googleapis.com/v1beta/models/gemini-1.5-pro:generateContent: [404 Not 
Found] models/gemini-1.5-pro is not found for API version v1beta, or is not supported for generateContent. Call ListModels to see the list of available models and their supported 
methods.
Ô£à Neural Core (Gemini AI): Signal analyzed. Conviction: 50/100

ÔòÉÔòÉÔòÉÔòÉÔòÉÔòÉÔòÉÔòÉÔòÉÔòÉÔòÉÔòÉÔòÉÔòÉÔòÉÔòÉÔòÉÔòÉÔòÉÔòÉÔòÉÔòÉÔòÉÔòÉÔòÉÔòÉÔòÉÔòÉÔòÉÔòÉÔòÉÔòÉÔòÉÔòÉÔòÉÔòÉÔòÉÔòÉÔòÉÔòÉÔòÉÔòÉÔòÉÔòÉÔòÉÔòÉÔòÉÔòÉÔòÉÔòÉ
­ƒôè TEST SUMMARY
ÔòÉÔòÉÔòÉÔòÉÔòÉÔòÉÔòÉÔòÉÔòÉÔòÉÔòÉÔòÉÔòÉÔòÉÔòÉÔòÉÔòÉÔòÉÔòÉÔòÉÔòÉÔòÉÔòÉÔòÉÔòÉÔòÉÔòÉÔòÉÔòÉÔòÉÔòÉÔòÉÔòÉÔòÉÔòÉÔòÉÔòÉÔòÉÔòÉÔòÉÔòÉÔòÉÔòÉÔòÉÔòÉÔòÉÔòÉÔòÉÔòÉÔòÉ
Total Tests: 5
Ô£à Passed: 4
ÔØî Failed: 1
ÔÜá´©Å  Warnings: 0
ÔÅ▒´©Å  Avg Duration: 166ms

ÔòÉÔòÉÔòÉÔòÉÔòÉÔòÉÔòÉÔòÉÔòÉÔòÉÔòÉÔòÉÔòÉÔòÉÔòÉÔòÉÔòÉÔòÉÔòÉÔòÉÔòÉÔòÉÔòÉÔòÉÔòÉÔòÉÔòÉÔòÉÔòÉÔòÉÔòÉÔòÉÔòÉÔòÉÔòÉÔòÉÔòÉÔòÉÔòÉÔòÉÔòÉÔòÉÔòÉÔòÉÔòÉÔòÉÔòÉÔòÉÔòÉÔòÉ
ÔÜá´©Å  CRITICAL FAILURES DETECTED - REVIEW REQUIRED
ÔòÉÔòÉÔòÉÔòÉÔòÉÔòÉÔòÉÔòÉÔòÉÔòÉÔòÉÔòÉÔòÉÔòÉÔòÉÔòÉÔòÉÔòÉÔòÉÔòÉÔòÉÔòÉÔòÉÔòÉÔòÉÔòÉÔòÉÔòÉÔòÉÔòÉÔòÉÔòÉÔòÉÔòÉÔòÉÔòÉÔòÉÔòÉÔòÉÔòÉÔòÉÔòÉÔòÉÔòÉÔòÉÔòÉÔòÉÔòÉÔòÉÔòÉ

Assertion failed: !(handle->flags & UV_HANDLE_CLOSING), file src\win\async.c, line 76
